// Vitest Snapshot v1, https://vitest.dev/guide/snapshot.html

exports[`export surface snapshot > hucre/csv 1`] = `
[
  "CsvStreamWriter",
  "decodeCsvInput",
  "detectBom",
  "detectDelimiter",
  "fetchCsv",
  "formatCsvValue",
  "parseCsv",
  "parseCsvObjects",
  "streamCsvRows",
  "stripBom",
  "writeCsv",
  "writeCsvObjects",
  "writeCsvStream",
]
`;

exports[`export surface snapshot > hucre/json 1`] = `
[
  "NdjsonStreamWriter",
  "collectHeaders",
  "flattenValue",
  "jsonToWorkbook",
  "parseJson",
  "parseNdjson",
  "parseValue",
  "readNdjsonStream",
  "streamNdjsonRows",
  "unflattenRow",
  "unflattenRows",
  "workbookToJson",
  "writeJson",
  "writeNdjson",
  "writeNdjsonStream",
]
`;

exports[`export surface snapshot > hucre/ods 1`] = `
[
  "OdsStreamWriter",
  "readOds",
  "readOdsObjects",
  "streamOdsRows",
  "toWriteOptions",
  "toWriteSheet",
  "writeOds",
  "writeOdsObjects",
  "writeOdsStream",
]
`;

exports[`export surface snapshot > hucre/ooxml 1`] = `
[
  "REL_CELL_IMAGES",
  "addChart",
  "assembleCellImages",
  "attachPivotCacheFields",
  "chartKindToWriteKind",
  "cloneChart",
  "getCharts",
  "parseCellImages",
  "parseChart",
  "parseExternalLink",
  "parsePersons",
  "parsePivotCacheDefinition",
  "parsePivotTable",
  "parseSlicerCache",
  "parseSlicers",
  "parseThemeColors",
  "parseThreadedComments",
  "parseTimelineCache",
  "parseTimelines",
  "resolveThemeColor",
]
`;

exports[`export surface snapshot > hucre/xlsx 1`] = `
[
  "XLSX_MAX_ROWS_PER_SHEET",
  "XlsxStreamWriter",
  "a1ToR1C1",
  "calculateColumnWidth",
  "calculateRowHeight",
  "cellRef",
  "cloneCellStyle",
  "colToLetter",
  "hashSheetPassword",
  "isInRange",
  "letterToCol",
  "link",
  "measureValueWidth",
  "openXlsx",
  "parseCellRef",
  "parseRange",
  "parseThemeColors",
  "r1c1ToA1",
  "rangeRef",
  "readXls",
  "readXlsb",
  "readXlsx",
  "readXlsxObjects",
  "resolveThemeColor",
  "saveXlsx",
  "streamXlsxRows",
  "toRange",
  "toRanges",
  "toWriteOptions",
  "toWriteSheet",
  "writeXlsx",
  "writeXlsxObjects",
  "writeXlsxStream",
  "writeXlsxStreamSheets",
]
`;

exports[`export surface snapshot > hucre/xml 1`] = `
[
  "readXml",
  "streamXmlRows",
  "writeXml",
  "writeXmlStream",
]
`;

exports[`export surface snapshot > root 1`] = `
[
  "CsvStreamWriter",
  "DecryptionError",
  "DefterError",
  "EncryptedFileError",
  "HucreError",
  "InvalidArgumentError",
  "MAX_COL_INDEX",
  "MAX_DECOMPRESSED_BYTES",
  "MAX_INPUT_BYTES",
  "MAX_REPEAT_COUNT",
  "MAX_ROW_INDEX",
  "MAX_SPAN_CELLS",
  "MAX_SPIN_COUNT",
  "MAX_TOTAL_CELLS",
  "NdjsonStreamWriter",
  "OdsStreamWriter",
  "ParseError",
  "REL_CELL_IMAGES",
  "SheetBuilder",
  "UnsupportedFormatError",
  "ValidationError",
  "WorkbookBuilder",
  "XLSX_MAX_ROWS_PER_SHEET",
  "XlsxStreamWriter",
  "XmlError",
  "ZipError",
  "a11y",
  "a1ToR1C1",
  "addChart",
  "assembleCellImages",
  "attachPivotCacheFields",
  "calculateColumnWidth",
  "calculateRowHeight",
  "cellRef",
  "chartKindToWriteKind",
  "cloneCellStyle",
  "cloneChart",
  "cloneSheet",
  "colToLetter",
  "collectHeaders",
  "copyRange",
  "copySheetToWorkbook",
  "dateToSerial",
  "decodeCsvInput",
  "deleteColumns",
  "deleteRows",
  "deserializeWorkbook",
  "detectBom",
  "detectDelimiter",
  "fetchCsv",
  "fillTemplate",
  "findCells",
  "flattenValue",
  "formatCsvValue",
  "formatDate",
  "formatValue",
  "fromHtml",
  "getCharts",
  "groupRows",
  "hashSheetPassword",
  "hideColumns",
  "hideRows",
  "imageFromBase64",
  "insertColumns",
  "insertRows",
  "isDateFormat",
  "isInRange",
  "jsonToWorkbook",
  "letterToCol",
  "link",
  "measureValueWidth",
  "moveRows",
  "moveSheet",
  "openXlsx",
  "parseCellImages",
  "parseCellRef",
  "parseChart",
  "parseCsv",
  "parseCsvObjects",
  "parseDate",
  "parseExternalLink",
  "parseJson",
  "parseNdjson",
  "parsePersons",
  "parsePivotCacheDefinition",
  "parsePivotTable",
  "parseRange",
  "parseSlicerCache",
  "parseSlicers",
  "parseThemeColors",
  "parseThreadedComments",
  "parseTimelineCache",
  "parseTimelines",
  "parseValue",
  "r1c1ToA1",
  "rangeRef",
  "read",
  "readNdjsonStream",
  "readObjects",
  "readOds",
  "readOdsObjects",
  "readXls",
  "readXlsb",
  "readXlsx",
  "readXlsxObjects",
  "readXml",
  "removeSheet",
  "replaceCells",
  "resolveThemeColor",
  "saveXlsx",
  "serialToDate",
  "serialToTime",
  "serializeWorkbook",
  "sheetToArrays",
  "sheetToObjects",
  "sortRows",
  "streamCsvRows",
  "streamNdjsonRows",
  "streamOdsRows",
  "streamXlsxRows",
  "streamXmlRows",
  "stripBom",
  "timeToSerial",
  "toHtml",
  "toJson",
  "toMarkdown",
  "toRange",
  "toRanges",
  "toWriteOptions",
  "toWriteSheet",
  "unflattenRow",
  "unflattenRows",
  "validateWithSchema",
  "workbookToJson",
  "write",
  "writeCsv",
  "writeCsvObjects",
  "writeCsvStream",
  "writeJson",
  "writeNdjson",
  "writeNdjsonStream",
  "writeObjects",
  "writeOds",
  "writeOdsObjects",
  "writeOdsStream",
  "writeTsv",
  "writeTsvObjects",
  "writeXlsx",
  "writeXlsxObjects",
  "writeXlsxStream",
  "writeXlsxStreamSheets",
  "writeXml",
  "writeXmlStream",
]
`;
